// Jest Snapshot v1, https://goo.gl/fbAQLP

exports[`Rating should render 0 stars correctly 1`] = `
<div
  className="rating"
>
  <span
    className="rating-stars"
  >
    <FontAwesomeIcon
      border={false}
      className="checked"
      fixedWidth={false}
      flip={null}
      icon={
        Array [
          "far",
          "star",
        ]
      }
      inverse={false}
      key="1"
      listItem={false}
      mask={null}
      pull={null}
      pulse={false}
      rotation={null}
      size={null}
      spin={false}
      symbol={false}
      title=""
      transform={null}
    />
    <FontAwesomeIcon
      border={false}
      className="checked"
      fixedWidth={false}
      flip={null}
      icon={
        Array [
          "far",
          "star",
        ]
      }
      inverse={false}
      key="2"
      listItem={false}
      mask={null}
      pull={null}
      pulse={false}
      rotation={null}
      size={null}
      spin={false}
      symbol={false}
      title=""
      transform={null}
    />
    <FontAwesomeIcon
      border={false}
      className="checked"
      fixedWidth={false}
      flip={null}
      icon={
        Array [
          "far",
          "star",
        ]
      }
      inverse={false}
      key="3"
      listItem={false}
      mask={null}
      pull={null}
      pulse={false}
      rotation={null}
      size={null}
      spin={false}
      symbol={false}
      title=""
      transform={null}
    />
    <FontAwesomeIcon
      border={false}
      className="checked"
      fixedWidth={false}
      flip={null}
      icon={
        Array [
          "far",
          "star",
        ]
      }
      inverse={false}
      key="4"
      listItem={false}
      mask={null}
      pull={null}
      pulse={false}
      rotation={null}
      size={null}
      spin={false}
      symbol={false}
      title=""
      transform={null}
    />
    <FontAwesomeIcon
      border={false}
      className="checked"
      fixedWidth={false}
      flip={null}
      icon={
        Array [
          "far",
          "star",
        ]
      }
      inverse={false}
      key="5"
      listItem={false}
      mask={null}
      pull={null}
      pulse={false}
      rotation={null}
      size={null}
      spin={false}
      symbol={false}
      title=""
      transform={null}
    />
  </span>
  <span
    className="rating-reviews"
  >
    1
  </span>
</div>
`;

exports[`Rating should render 1 star correctly 1`] = `
<div
  className="rating"
>
  <span
    className="rating-stars"
  >
    <FontAwesomeIcon
      border={false}
      className="checked"
      fixedWidth={false}
      flip={null}
      icon={
        Array [
          "fas",
          "star",
        ]
      }
      inverse={false}
      key="1"
      listItem={false}
      mask={null}
      pull={null}
      pulse={false}
      rotation={null}
      size={null}
      spin={false}
      symbol={false}
      title=""
      transform={null}
    />
    <FontAwesomeIcon
      border={false}
      className="checked"
      fixedWidth={false}
      flip={null}
      icon={
        Array [
          "far",
          "star",
        ]
      }
      inverse={false}
      key="2"
      listItem={false}
      mask={null}
      pull={null}
      pulse={false}
      rotation={null}
      size={null}
      spin={false}
      symbol={false}
      title=""
      transform={null}
    />
    <FontAwesomeIcon
      border={false}
      className="checked"
      fixedWidth={false}
      flip={null}
      icon={
        Array [
          "far",
          "star",
        ]
      }
      inverse={false}
      key="3"
      listItem={false}
      mask={null}
      pull={null}
      pulse={false}
      rotation={null}
      size={null}
      spin={false}
      symbol={false}
      title=""
      transform={null}
    />
    <FontAwesomeIcon
      border={false}
      className="checked"
      fixedWidth={false}
      flip={null}
      icon={
        Array [
          "far",
          "star",
        ]
      }
      inverse={false}
      key="4"
      listItem={false}
      mask={null}
      pull={null}
      pulse={false}
      rotation={null}
      size={null}
      spin={false}
      symbol={false}
      title=""
      transform={null}
    />
    <FontAwesomeIcon
      border={false}
      className="checked"
      fixedWidth={false}
      flip={null}
      icon={
        Array [
          "far",
          "star",
        ]
      }
      inverse={false}
      key="5"
      listItem={false}
      mask={null}
      pull={null}
      pulse={false}
      rotation={null}
      size={null}
      spin={false}
      symbol={false}
      title=""
      transform={null}
    />
  </span>
  <span
    className="rating-reviews"
  >
    1
  </span>
</div>
`;

exports[`Rating should render 2.3 stars correctly 1`] = `
<div
  className="rating"
>
  <span
    className="rating-stars"
  >
    <FontAwesomeIcon
      border={false}
      className="checked"
      fixedWidth={false}
      flip={null}
      icon={
        Array [
          "fas",
          "star",
        ]
      }
      inverse={false}
      key="1"
      listItem={false}
      mask={null}
      pull={null}
      pulse={false}
      rotation={null}
      size={null}
      spin={false}
      symbol={false}
      title=""
      transform={null}
    />
    <FontAwesomeIcon
      border={false}
      className="checked"
      fixedWidth={false}
      flip={null}
      icon={
        Array [
          "fas",
          "star",
        ]
      }
      inverse={false}
      key="2"
      listItem={false}
      mask={null}
      pull={null}
      pulse={false}
      rotation={null}
      size={null}
      spin={false}
      symbol={false}
      title=""
      transform={null}
    />
    <FontAwesomeIcon
      border={false}
      className="checked"
      fixedWidth={false}
      flip={null}
      icon={
        Array [
          "fas",
          "star-half-alt",
        ]
      }
      inverse={false}
      key="3"
      listItem={false}
      mask={null}
      pull={null}
      pulse={false}
      rotation={null}
      size={null}
      spin={false}
      symbol={false}
      title=""
      transform={null}
    />
    <FontAwesomeIcon
      border={false}
      className="checked"
      fixedWidth={false}
      flip={null}
      icon={
        Array [
          "far",
          "star",
        ]
      }
      inverse={false}
      key="4"
      listItem={false}
      mask={null}
      pull={null}
      pulse={false}
      rotation={null}
      size={null}
      spin={false}
      symbol={false}
      title=""
      transform={null}
    />
    <FontAwesomeIcon
      border={false}
      className="checked"
      fixedWidth={false}
      flip={null}
      icon={
        Array [
          "far",
          "star",
        ]
      }
      inverse={false}
      key="5"
      listItem={false}
      mask={null}
      pull={null}
      pulse={false}
      rotation={null}
      size={null}
      spin={false}
      symbol={false}
      title=""
      transform={null}
    />
  </span>
  <span
    className="rating-reviews"
  >
    1
  </span>
</div>
`;

exports[`Rating should render 5 stars correctly 1`] = `
<div
  className="rating"
>
  <span
    className="rating-stars"
  >
    <FontAwesomeIcon
      border={false}
      className="checked"
      fixedWidth={false}
      flip={null}
      icon={
        Array [
          "fas",
          "star",
        ]
      }
      inverse={false}
      key="1"
      listItem={false}
      mask={null}
      pull={null}
      pulse={false}
      rotation={null}
      size={null}
      spin={false}
      symbol={false}
      title=""
      transform={null}
    />
    <FontAwesomeIcon
      border={false}
      className="checked"
      fixedWidth={false}
      flip={null}
      icon={
        Array [
          "fas",
          "star",
        ]
      }
      inverse={false}
      key="2"
      listItem={false}
      mask={null}
      pull={null}
      pulse={false}
      rotation={null}
      size={null}
      spin={false}
      symbol={false}
      title=""
      transform={null}
    />
    <FontAwesomeIcon
      border={false}
      className="checked"
      fixedWidth={false}
      flip={null}
      icon={
        Array [
          "fas",
          "star",
        ]
      }
      inverse={false}
      key="3"
      listItem={false}
      mask={null}
      pull={null}
      pulse={false}
      rotation={null}
      size={null}
      spin={false}
      symbol={false}
      title=""
      transform={null}
    />
    <FontAwesomeIcon
      border={false}
      className="checked"
      fixedWidth={false}
      flip={null}
      icon={
        Array [
          "fas",
          "star",
        ]
      }
      inverse={false}
      key="4"
      listItem={false}
      mask={null}
      pull={null}
      pulse={false}
      rotation={null}
      size={null}
      spin={false}
      symbol={false}
      title=""
      transform={null}
    />
    <FontAwesomeIcon
      border={false}
      className="checked"
      fixedWidth={false}
      flip={null}
      icon={
        Array [
          "fas",
          "star",
        ]
      }
      inverse={false}
      key="5"
      listItem={false}
      mask={null}
      pull={null}
      pulse={false}
      rotation={null}
      size={null}
      spin={false}
      symbol={false}
      title=""
      transform={null}
    />
  </span>
  <span
    className="rating-reviews"
  >
    1
  </span>
</div>
`;
